../Core/Src/main.c:133:6:HAL_UART_RxCpltCallback	16	static
../Core/Src/main.c:147:5:main	8	static
../Core/Src/main.c:256:6:SystemClock_Config	88	static
../Core/Src/main.c:304:13:MX_RTC_Init	8	static
../Core/Src/main.c:339:13:MX_USART2_UART_Init	8	static
../Core/Src/main.c:372:13:MX_GPIO_Init	48	static
../Core/Src/main.c:417:6:StartDefaultTask	16	static
../Core/Src/main.c:435:6:LED	24	static
../Core/Src/main.c:464:6:Sender	32	static
../Core/Src/main.c:497:6:Receiver	24	static
../Core/Src/main.c:535:6:Callback01	16	static
../Core/Src/main.c:551:6:HAL_TIM_PeriodElapsedCallback	16	static
../Core/Src/main.c:569:6:Error_Handler	4	static,ignoring_inline_asm
